undocumented estimates:
290626 	~0930 - 1130	d2h		t2h		:pws-ochtend
190826	~0930 - 1130	d2h		t4h		:pws-ochtend

summer vacation	??	??		t4h +??		:research on topic of acoustic physics

Note: undocumented work without clear estimates (emails, timestamps written down in planning) will not be counted towards the final total


documented time periods

date   	time	  	time delta	total time	work done
					spent	

050926 	1203 - 1454 	d2h 51min 	t2h 51m		:framework brainstorming, log
070926 	1650 - 1730 	d44min		t3h 35m		:reciever struct and class
080926 	0910 - 1040 	d1h 30min	t4h 55m		:documentation graphics, examples and modifying of 
							 program structure
090926 	1325 - 1559 	d3h 21min	t8h 16m		:vec3 struct, ray struct and class
110926	1701 - 1823	d1h 20min	t9h 36m		:
120926	1435 - 1723	d2h 28min	t12h 24m	:pws-pitch preperations
140926	1516 - 1727	d2h 11min	t14h 11m	:command argument input class, struct and partial implementation

150626	0910 - 1040	d1h 30min	t15h 30m	:pws-pitch presentation
160626	1320 - 1400	d40min		t16h 10m	:visit existing wave-like structures

290626  0910 - 1040	d1h 30min	t17h 40m	:search for experts
300926	1428 - 1711	d2h 43min	t20h 23m	:partial ray implementation
041026	1224 - 1721	d4h 57min	t25h 20m	:stl implementation, triangle type implementation, triangle and ray intersection 							  implementation 

